src/components/experience/True3DViewer.tsx(1,10): error TS6133: 'Suspense' is declared but its value is never read.
src/components/experience/True3DViewer.tsx(2,27): error TS6133: 'Stage' is declared but its value is never read.
src/components/experience/True3DViewer.tsx(35,17): error TS7006: Parameter 'url' implicitly has an 'any' type.
src/components/experience/True3DViewer.tsx(35,17): error TS2345: Argument of type '(url: any) => any' is not assignable to parameter of type 'Path'.
src/components/lesson/ArabicLetters3D.tsx(96,35): error TS2322: Type '{ children: Element; key: string; geometry: BufferGeometry<NormalBufferAttributes>; }' is not assignable to type 'SVGLineElementAttributes<SVGLineElement>'.
  Property 'geometry' does not exist on type 'SVGLineElementAttributes<SVGLineElement>'.
src/components/lesson/ColorWheel3D.tsx(64,11): error TS6133: 'midAngle' is declared but its value is never read.
src/components/lesson/ColorWheel3D.tsx(65,11): error TS6133: 'midR' is declared but its value is never read.
src/components/lesson/FunctionGraph3D.tsx(125,23): error TS6133: 'currZ' is declared but its value is never read.
src/components/lesson/GeometricVolumes3D.tsx(1,28): error TS6133: 'useMemo' is declared but its value is never read.
src/components/lesson/GeometricVolumes3D.tsx(368,13): error TS6133: 'state' is declared but its value is never read.
src/components/lesson/GeometricVolumes3D.tsx(456,13): error TS6133: 'state' is declared but its value is never read.
src/components/lesson/MathematicalLogic3D.tsx(108,18): error TS6133: 'delta' is declared but its value is never read.
src/components/lesson/MathematicalLogic3D.tsx(194,13): error TS6133: 'state' is declared but its value is never read.
src/components/lesson/OrthographicProjection3D.tsx(188,13): error TS6133: 'state' is declared but its value is never read.
src/components/lesson/PaintingFrame3D.tsx(228,59): error TS2322: Type '{ args: [number, number, number, number]; rotation: number[]; }' is not assignable to type 'ExtendedColors<Overwrite<Partial<CylinderGeometry>, NodeProps<CylinderGeometry, typeof CylinderGeometry>>>'.
  Property 'rotation' does not exist on type 'ExtendedColors<Overwrite<Partial<CylinderGeometry>, NodeProps<CylinderGeometry, typeof CylinderGeometry>>>'.
src/components/lesson/ParallaxDepthVolume.tsx(1,31): error TS6133: 'useMemo' is declared but its value is never read.
src/components/lesson/PlatonicSolids3D.tsx(34,5): error TS2322: Type 'BufferGeometry<NormalBufferAttributes>' is not assignable to type 'BoxGeometry | TetrahedronGeometry | OctahedronGeometry | DodecahedronGeometry | IcosahedronGeometry'.
  Property 'parameters' is missing in type 'BufferGeometry<NormalBufferAttributes>' but required in type 'IcosahedronGeometry'.
src/components/lesson/PlatonicSolids3D.tsx(49,13): error TS6133: 'state' is declared but its value is never read.
src/components/lesson/RobotKinematics3D.tsx(1,35): error TS6133: 'useMemo' is declared but its value is never read.
src/components/lesson/RobotKinematics3D.tsx(151,13): error TS6133: 'state' is declared but its value is never read.
src/components/lesson/Sequences3D.tsx(49,13): error TS6133: 'state' is declared but its value is never read.
src/components/lesson/Vectors3D.tsx(115,13): error TS6133: 'state' is declared but its value is never read.
src/pages/ImageTo3DExperiencePage.tsx(29,7): error TS6133: 'CHROMATIC_OFFSET' is declared but its value is never read.
src/pages/ImageTo3DExperiencePage.tsx(73,61): error TS6133: 'prog' is declared but its value is never read.
src/pages/TeacherDashboardPage.tsx(1,8): error TS6133: 'React' is declared but its value is never read.
src/pages/TeacherDashboardPage.tsx(6,24): error TS6133: 'CheckCircle2' is declared but its value is never read.
src/pages/TeacherDashboardPage.tsx(9,1): error TS6133: 'useMediaPipeHands' is declared but its value is never read.
src/pages/TeacherDashboardPage.tsx(56,10): error TS6133: 'elements' is declared but its value is never read.
src/pages/TeacherDashboardPage.tsx(56,20): error TS6133: 'setElements' is declared but its value is never read.
src/pages/TeacherDashboardPage.tsx(466,23): error TS6133: 'lessonName' is declared but its value is never read.
